[0.019s][info][gc] Using The Z Garbage Collector
[0.201s][info][gc] GC(0) Garbage Collection (Warmup) 4M(13%)->4M(13%)
[1.105s][info][gc] GC(1) Garbage Collection (Warmup) 6M(20%)->4M(13%)
[2.709s][info][gc] GC(2) Garbage Collection (Warmup) 10M(33%)->6M(20%)
[2.901s][info][gc] GC(3) Garbage Collection (Allocation Rate) 18M(60%)->8M(27%)
[3.103s][info][gc] GC(4) Garbage Collection (Allocation Rate) 12M(40%)->8M(27%)
[4.504s][info][gc] GC(5) Garbage Collection (Proactive) 12M(40%)->8M(27%)
[19.607s][info][gc] GC(6) Garbage Collection (Proactive) 12M(40%)->10M(33%)
[31.297s][info][gc] GC(7) Garbage Collection (Proactive) 14M(47%)->10M(33%)
[39.615s][info][gc] GC(8) Garbage Collection (Proactive) 18M(60%)->14M(47%)
[39.654s][info][gc] Allocation Stall (main) 16.419ms
[39.655s][info][gc] GC(9) Garbage Collection (Allocation Stall) 30M(100%)->14M(47%)
[39.685s][info][gc] Allocation Stall (main) 13.180ms
[39.686s][info][gc] GC(10) Garbage Collection (Allocation Stall) 30M(100%)->14M(47%)
[39.703s][info][gc] GC(11) Garbage Collection (Allocation Rate) 16M(53%)->28M(93%)
[39.719s][info][gc] Allocation Stall (main) 12.280ms
[39.721s][info][gc] GC(12) Garbage Collection (Allocation Stall) 30M(100%)->20M(67%)
[39.798s][info][gc] GC(13) Garbage Collection (Allocation Rate) 22M(73%)->8M(27%)
[39.908s][info][gc] GC(14) Garbage Collection (Allocation Rate) 8M(27%)->8M(27%)
[40.004s][info][gc] GC(15) Garbage Collection (Allocation Rate) 8M(27%)->8M(27%)
[40.095s][info][gc] GC(16) Garbage Collection (Allocation Rate) 8M(27%)->8M(27%)
[40.212s][info][gc] GC(17) Garbage Collection (Allocation Rate) 8M(27%)->10M(33%)
[40.300s][info][gc] GC(18) Garbage Collection (Allocation Rate) 10M(33%)->8M(27%)
[40.409s][info][gc] GC(19) Garbage Collection (Allocation Rate) 8M(27%)->8M(27%)
[40.501s][info][gc] GC(20) Garbage Collection (Allocation Rate) 8M(27%)->8M(27%)
[40.799s][info][gc] GC(21) Garbage Collection (Allocation Rate) 8M(27%)->8M(27%)
[40.905s][info][gc] GC(22) Garbage Collection (Allocation Rate) 8M(27%)->8M(27%)
[40.999s][info][gc] GC(23) Garbage Collection (Allocation Rate) 8M(27%)->8M(27%)
[41.109s][info][gc] GC(24) Garbage Collection (Allocation Rate) 8M(27%)->8M(27%)
[41.203s][info][gc] GC(25) Garbage Collection (Allocation Rate) 8M(27%)->10M(33%)
[41.297s][info][gc] GC(26) Garbage Collection (Allocation Rate) 10M(33%)->8M(27%)
[41.407s][info][gc] GC(27) Garbage Collection (Allocation Rate) 8M(27%)->8M(27%)
[41.499s][info][gc] GC(28) Garbage Collection (Allocation Rate) 8M(27%)->8M(27%)
[55.296s][info][gc] GC(29) Garbage Collection (Proactive) 12M(40%)->8M(27%)
[66.309s][info][gc] GC(30) Garbage Collection (Proactive) 12M(40%)->8M(27%)
[68.797s][info][gc] Allocation Stall (main) 18.820ms
[68.799s][info][gc] GC(31) Garbage Collection (Allocation Stall) 30M(100%)->14M(47%)
[68.834s][info][gc] Allocation Stall (main) 17.844ms
[68.835s][info][gc] GC(32) Garbage Collection (Allocation Stall) 30M(100%)->14M(47%)
[68.866s][info][gc] Allocation Stall (main) 14.006ms
[68.867s][info][gc] GC(33) Garbage Collection (Allocation Stall) 30M(100%)->16M(53%)
[68.912s][info][gc] GC(34) Garbage Collection (Allocation Rate) 24M(80%)->8M(27%)
[69.004s][info][gc] GC(35) Garbage Collection (Allocation Rate) 8M(27%)->8M(27%)
[69.097s][info][gc] GC(36) Garbage Collection (Allocation Rate) 8M(27%)->8M(27%)
[69.205s][info][gc] GC(37) Garbage Collection (Allocation Rate) 8M(27%)->10M(33%)
[69.299s][info][gc] GC(38) Garbage Collection (Allocation Rate) 10M(33%)->8M(27%)
[69.408s][info][gc] GC(39) Garbage Collection (Allocation Rate) 8M(27%)->8M(27%)
[69.500s][info][gc] GC(40) Garbage Collection (Allocation Rate) 8M(27%)->8M(27%)
[69.615s][info][gc] GC(41) Garbage Collection (Allocation Rate) 8M(27%)->8M(27%)
[69.905s][info][gc] GC(42) Garbage Collection (Allocation Rate) 8M(27%)->8M(27%)
[69.998s][info][gc] GC(43) Garbage Collection (Allocation Rate) 8M(27%)->8M(27%)
[70.108s][info][gc] GC(44) Garbage Collection (Allocation Rate) 8M(27%)->8M(27%)
[70.202s][info][gc] GC(45) Garbage Collection (Allocation Rate) 8M(27%)->8M(27%)
[70.295s][info][gc] GC(46) Garbage Collection (Allocation Rate) 10M(33%)->8M(27%)
[70.405s][info][gc] GC(47) Garbage Collection (Allocation Rate) 8M(27%)->8M(27%)
[70.496s][info][gc] GC(48) Garbage Collection (Allocation Rate) 8M(27%)->8M(27%)
[70.605s][info][gc] GC(49) Garbage Collection (Allocation Rate) 8M(27%)->8M(27%)
[81.407s][info][gc] GC(50) Garbage Collection (Proactive) 14M(47%)->10M(33%)
[91.299s][info][gc] GC(51) Garbage Collection (Proactive) 14M(47%)->10M(33%)
[103.307s][info][gc] GC(52) Garbage Collection (Proactive) 14M(47%)->10M(33%)
[117.312s][info][gc] GC(53) Garbage Collection (Proactive) 14M(47%)->10M(33%)
[130.300s][info][gc] GC(54) Garbage Collection (Proactive) 14M(47%)->10M(33%)
[145.310s][info][gc] GC(55) Garbage Collection (Proactive) 14M(47%)->10M(33%)
[160.315s][info][gc] GC(56) Garbage Collection (Proactive) 14M(47%)->10M(33%)
[175.309s][info][gc] GC(57) Garbage Collection (Proactive) 14M(47%)->12M(40%)
[205.305s][info][gc] GC(58) Garbage Collection (Proactive) 16M(53%)->10M(33%)
[219.408s][info][gc] GC(59) Garbage Collection (Proactive) 14M(47%)->10M(33%)
[234.398s][info][gc] GC(60) Garbage Collection (Proactive) 14M(47%)->10M(33%)
[249.404s][info][gc] GC(61) Garbage Collection (Proactive) 14M(47%)->10M(33%)
[262.398s][info][gc] GC(62) Garbage Collection (Proactive) 14M(47%)->10M(33%)
[277.409s][info][gc] GC(63) Garbage Collection (Proactive) 14M(47%)->10M(33%)
[292.509s][info][gc] GC(64) Garbage Collection (Proactive) 14M(47%)->10M(33%)
[304.499s][info][gc] GC(65) Garbage Collection (Proactive) 14M(47%)->10M(33%)
[319.508s][info][gc] GC(66) Garbage Collection (Proactive) 14M(47%)->10M(33%)
[334.513s][info][gc] GC(67) Garbage Collection (Proactive) 14M(47%)->10M(33%)
[349.510s][info][gc] GC(68) Garbage Collection (Proactive) 14M(47%)->10M(33%)
[362.522s][info][gc] GC(69) Garbage Collection (Proactive) 14M(47%)->10M(33%)
[377.498s][info][gc] GC(70) Garbage Collection (Proactive) 14M(47%)->10M(33%)
[390.508s][info][gc] GC(71) Garbage Collection (Proactive) 14M(47%)->10M(33%)
[405.499s][info][gc] GC(72) Garbage Collection (Proactive) 14M(47%)->10M(33%)
[420.505s][info][gc] GC(73) Garbage Collection (Proactive) 14M(47%)->10M(33%)
[435.609s][info][gc] GC(74) Garbage Collection (Proactive) 14M(47%)->10M(33%)
[450.600s][info][gc] GC(75) Garbage Collection (Proactive) 14M(47%)->10M(33%)
[463.604s][info][gc] GC(76) Garbage Collection (Proactive) 14M(47%)->8M(27%)
[478.600s][info][gc] GC(77) Garbage Collection (Proactive) 12M(40%)->8M(27%)
[493.599s][info][gc] GC(78) Garbage Collection (Proactive) 12M(40%)->8M(27%)
[508.596s][info][gc] GC(79) Garbage Collection (Proactive) 12M(40%)->8M(27%)
[523.608s][info][gc] GC(80) Garbage Collection (Proactive) 12M(40%)->8M(27%)
[538.596s][info][gc] GC(81) Garbage Collection (Proactive) 12M(40%)->8M(27%)
[553.599s][info][gc] GC(82) Garbage Collection (Proactive) 12M(40%)->8M(27%)
[568.609s][info][gc] GC(83) Garbage Collection (Proactive) 12M(40%)->10M(33%)
[599.703s][info][gc] GC(84) Garbage Collection (Proactive) 14M(47%)->8M(27%)
[611.710s][info][gc] GC(85) Garbage Collection (Proactive) 12M(40%)->8M(27%)
[626.697s][info][gc] GC(86) Garbage Collection (Proactive) 12M(40%)->8M(27%)
[641.702s][info][gc] GC(87) Garbage Collection (Proactive) 12M(40%)->8M(27%)
[656.708s][info][gc] GC(88) Garbage Collection (Proactive) 12M(40%)->8M(27%)
[671.709s][info][gc] GC(89) Garbage Collection (Proactive) 12M(40%)->8M(27%)
[676.807s][info][gc] GC(90) Garbage Collection (Proactive) 12M(40%)->10M(33%)
[691.698s][info][gc] GC(91) Garbage Collection (Proactive) 14M(47%)->10M(33%)
[704.703s][info][gc] GC(92) Garbage Collection (Proactive) 14M(47%)->8M(27%)
[719.709s][info][gc] GC(93) Garbage Collection (Proactive) 12M(40%)->8M(27%)
[734.794s][info][gc] GC(94) Garbage Collection (Proactive) 12M(40%)->8M(27%)
[749.806s][info][gc] GC(95) Garbage Collection (Proactive) 12M(40%)->8M(27%)
[764.803s][info][gc] GC(96) Garbage Collection (Proactive) 12M(40%)->8M(27%)
[779.803s][info][gc] GC(97) Garbage Collection (Proactive) 12M(40%)->8M(27%)
[794.798s][info][gc] GC(98) Garbage Collection (Proactive) 12M(40%)->8M(27%)
[809.793s][info][gc] GC(99) Garbage Collection (Proactive) 12M(40%)->8M(27%)
