[0.011s][info][gc] Using G1
[16.848s][info][gc] GC(0) Pause Young (Normal) (G1 Evacuation Pause) 5M->3M(12M) 5.907ms
[16.894s][info][gc] GC(1) Pause Young (Normal) (G1 Evacuation Pause) 4M->3M(12M) 3.220ms
[16.929s][info][gc] GC(2) Pause Young (Normal) (G1 Evacuation Pause) 4M->3M(12M) 1.638ms
[16.957s][info][gc] GC(3) Pause Young (Normal) (G1 Evacuation Pause) 4M->3M(12M) 1.297ms
[17.039s][info][gc] GC(4) Pause Young (Normal) (G1 Evacuation Pause) 5M->4M(12M) 1.938ms
[17.107s][info][gc] GC(5) Pause Young (Normal) (G1 Evacuation Pause) 6M->4M(12M) 3.394ms
[17.151s][info][gc] GC(6) Pause Young (Normal) (G1 Evacuation Pause) 6M->4M(12M) 2.165ms
[17.175s][info][gc] GC(7) Pause Young (Normal) (G1 Evacuation Pause) 6M->5M(12M) 2.702ms
[17.346s][info][gc] GC(8) Pause Young (Normal) (G1 Evacuation Pause) 6M->4M(12M) 2.284ms
[17.436s][info][gc] GC(9) Pause Young (Normal) (G1 Evacuation Pause) 5M->4M(12M) 2.343ms
[17.519s][info][gc] GC(10) Pause Young (Normal) (G1 Evacuation Pause) 5M->5M(12M) 3.559ms
[17.659s][info][gc] GC(11) Pause Young (Normal) (G1 Evacuation Pause) 6M->5M(12M) 3.162ms
[18.801s][info][gc] GC(12) Pause Young (Normal) (G1 Evacuation Pause) 7M->5M(12M) 5.174ms
[31.820s][info][gc] GC(13) Pause Young (Normal) (G1 Evacuation Pause) 7M->5M(12M) 5.212ms
[36.212s][info][gc] GC(14) Pause Young (Concurrent Start) (G1 Humongous Allocation) 6M->5M(12M) 2.851ms
[36.212s][info][gc] GC(15) Concurrent Mark Cycle
[36.220s][info][gc] GC(16) Pause Young (Normal) (G1 Evacuation Pause) 7M->6M(12M) 2.335ms
[36.227s][info][gc] GC(15) Pause Remark 7M->7M(12M) 6.358ms
[36.229s][info][gc] GC(15) Pause Cleanup 7M->7M(12M) 0.056ms
[36.230s][info][gc] GC(15) Concurrent Mark Cycle 18.077ms
[36.236s][info][gc] GC(17) Pause Young (Prepare Mixed) (G1 Evacuation Pause) 7M->6M(12M) 2.118ms
[36.253s][info][gc] GC(18) Pause Young (Mixed) (G1 Evacuation Pause) 7M->6M(12M) 4.237ms
[36.273s][info][gc] GC(19) Pause Young (Concurrent Start) (G1 Evacuation Pause) 8M->6M(12M) 1.719ms
[36.273s][info][gc] GC(20) Concurrent Mark Cycle
[36.282s][info][gc] GC(20) Pause Remark 7M->7M(12M) 4.974ms
[36.285s][info][gc] GC(20) Pause Cleanup 8M->8M(12M) 0.076ms
[36.286s][info][gc] GC(21) Pause Young (Prepare Mixed) (G1 Evacuation Pause) 8M->6M(12M) 1.415ms
[36.286s][info][gc] GC(20) Concurrent Mark Cycle 13.079ms
[36.292s][info][gc] GC(22) Pause Young (Mixed) (G1 Evacuation Pause) 7M->6M(12M) 3.878ms
[36.298s][info][gc] GC(23) Pause Young (Concurrent Start) (G1 Evacuation Pause) 8M->6M(12M) 1.185ms
[36.298s][info][gc] GC(24) Concurrent Mark Cycle
[36.303s][info][gc] GC(25) Pause Young (Normal) (G1 Evacuation Pause) 8M->6M(12M) 1.111ms
[36.309s][info][gc] GC(24) Pause Remark 7M->7M(12M) 4.608ms
[36.310s][info][gc] GC(24) Pause Cleanup 7M->7M(12M) 0.043ms
[36.310s][info][gc] GC(24) Concurrent Mark Cycle 12.251ms
[36.314s][info][gc] GC(26) Pause Young (Normal) (G1 Evacuation Pause) 8M->6M(12M) 1.349ms
[36.318s][info][gc] GC(27) Pause Young (Concurrent Start) (G1 Evacuation Pause) 7M->6M(12M) 1.022ms
[36.318s][info][gc] GC(28) Concurrent Mark Cycle
[36.321s][info][gc] GC(29) Pause Young (Normal) (G1 Evacuation Pause) 7M->6M(12M) 0.622ms
[36.324s][info][gc] GC(30) Pause Young (Normal) (G1 Evacuation Pause) 7M->6M(12M) 0.644ms
[36.327s][info][gc] GC(28) Pause Remark 7M->7M(12M) 2.671ms
[36.330s][info][gc] GC(31) Pause Young (Normal) (G1 Evacuation Pause) 7M->6M(12M) 0.803ms
[36.331s][info][gc] GC(28) Pause Cleanup 6M->6M(12M) 0.048ms
[36.331s][info][gc] GC(28) Concurrent Mark Cycle 12.670ms
[36.333s][info][gc] GC(32) Pause Young (Normal) (G1 Evacuation Pause) 7M->6M(12M) 0.645ms
[36.337s][info][gc] GC(33) Pause Young (Concurrent Start) (G1 Evacuation Pause) 7M->6M(12M) 1.076ms
[36.337s][info][gc] GC(34) Concurrent Mark Cycle
[36.339s][info][gc] GC(35) Pause Young (Normal) (G1 Evacuation Pause) 7M->6M(12M) 0.589ms
[36.342s][info][gc] GC(36) Pause Young (Normal) (G1 Evacuation Pause) 7M->6M(12M) 0.641ms
[36.345s][info][gc] GC(34) Pause Remark 6M->6M(12M) 2.584ms
[36.348s][info][gc] GC(37) Pause Young (Normal) (G1 Evacuation Pause) 7M->6M(12M) 0.627ms
[36.348s][info][gc] GC(34) Pause Cleanup 6M->6M(12M) 0.048ms
[36.349s][info][gc] GC(34) Concurrent Mark Cycle 11.730ms
[36.351s][info][gc] GC(38) Pause Young (Normal) (G1 Evacuation Pause) 7M->6M(12M) 0.695ms
[36.354s][info][gc] GC(39) Pause Young (Concurrent Start) (G1 Evacuation Pause) 7M->6M(12M) 1.046ms
[36.354s][info][gc] GC(40) Concurrent Mark Cycle
[36.357s][info][gc] GC(41) Pause Young (Normal) (G1 Evacuation Pause) 7M->6M(12M) 0.624ms
[36.364s][info][gc] GC(40) Pause Remark 8M->8M(12M) 2.985ms
[36.366s][info][gc] GC(40) Pause Cleanup 8M->8M(12M) 0.059ms
[36.366s][info][gc] GC(40) Concurrent Mark Cycle 11.615ms
[38.821s][info][gc] GC(42) Pause Young (Normal) (G1 Evacuation Pause) 8M->5M(12M) 2.789ms
[49.092s][info][gc] GC(43) Pause Young (Concurrent Start) (G1 Humongous Allocation) 6M->5M(12M) 1.079ms
[49.092s][info][gc] GC(44) Concurrent Mark Cycle
[49.103s][info][gc] GC(44) Pause Remark 6M->6M(12M) 5.855ms
[49.106s][info][gc] GC(44) Pause Cleanup 6M->6M(12M) 0.055ms
[49.106s][info][gc] GC(44) Concurrent Mark Cycle 14.036ms
[61.840s][info][gc] GC(45) Pause Young (Normal) (G1 Evacuation Pause) 8M->6M(12M) 0.777ms
[70.844s][info][gc] GC(46) Pause Young (Concurrent Start) (G1 Evacuation Pause) 7M->6M(12M) 0.844ms
[70.844s][info][gc] GC(47) Concurrent Mark Cycle
[70.850s][info][gc] GC(47) Pause Remark 6M->6M(12M) 2.135ms
[70.851s][info][gc] GC(47) Pause Cleanup 6M->6M(12M) 0.033ms
[70.852s][info][gc] GC(47) Concurrent Mark Cycle 7.344ms
[78.927s][info][gc] GC(48) Pause Young (Normal) (G1 Evacuation Pause) 7M->6M(12M) 0.548ms
[87.931s][info][gc] GC(49) Pause Young (Concurrent Start) (G1 Evacuation Pause) 7M->6M(12M) 0.841ms
[87.931s][info][gc] GC(50) Concurrent Mark Cycle
[87.937s][info][gc] GC(50) Pause Remark 6M->6M(12M) 2.645ms
[87.939s][info][gc] GC(50) Pause Cleanup 6M->6M(12M) 0.027ms
[87.939s][info][gc] GC(50) Concurrent Mark Cycle 7.596ms
[96.939s][info][gc] GC(51) Pause Young (Normal) (G1 Evacuation Pause) 7M->6M(12M) 1.153ms
[104.956s][info][gc] GC(52) Pause Young (Concurrent Start) (G1 Evacuation Pause) 7M->6M(12M) 0.729ms
[104.956s][info][gc] GC(53) Concurrent Mark Cycle
[104.961s][info][gc] GC(53) Pause Remark 6M->6M(12M) 1.996ms
[104.963s][info][gc] GC(53) Pause Cleanup 6M->6M(12M) 0.028ms
[104.963s][info][gc] GC(53) Concurrent Mark Cycle 6.828ms
[113.978s][info][gc] GC(54) Pause Young (Normal) (G1 Evacuation Pause) 7M->6M(12M) 1.134ms
[122.957s][info][gc] GC(55) Pause Young (Concurrent Start) (G1 Evacuation Pause) 7M->6M(12M) 0.559ms
[122.957s][info][gc] GC(56) Concurrent Mark Cycle
[122.962s][info][gc] GC(56) Pause Remark 6M->6M(12M) 2.004ms
[122.964s][info][gc] GC(56) Pause Cleanup 6M->6M(12M) 0.028ms
[122.964s][info][gc] GC(56) Concurrent Mark Cycle 6.507ms
[131.981s][info][gc] GC(57) Pause Young (Normal) (G1 Evacuation Pause) 7M->6M(12M) 1.523ms
[140.972s][info][gc] GC(58) Pause Young (Concurrent Start) (G1 Evacuation Pause) 7M->6M(12M) 0.610ms
[140.972s][info][gc] GC(59) Concurrent Mark Cycle
[140.977s][info][gc] GC(59) Pause Remark 6M->6M(12M) 1.856ms
[140.978s][info][gc] GC(59) Pause Cleanup 6M->6M(12M) 0.039ms
[140.978s][info][gc] GC(59) Concurrent Mark Cycle 6.163ms
[150.962s][info][gc] GC(60) Pause Young (Normal) (G1 Evacuation Pause) 7M->6M(12M) 1.636ms
[159.965s][info][gc] GC(61) Pause Young (Concurrent Start) (G1 Evacuation Pause) 7M->6M(12M) 0.840ms
[159.965s][info][gc] GC(62) Concurrent Mark Cycle
[159.972s][info][gc] GC(62) Pause Remark 6M->6M(12M) 4.114ms
[159.996s][info][gc] GC(62) Pause Cleanup 6M->6M(12M) 0.040ms
[159.997s][info][gc] GC(62) Concurrent Mark Cycle 32.043ms
[169.003s][info][gc] GC(63) Pause Young (Normal) (G1 Evacuation Pause) 7M->5M(12M) 1.199ms
[187.014s][info][gc] GC(64) Pause Young (Concurrent Start) (G1 Evacuation Pause) 7M->5M(12M) 1.277ms
[187.014s][info][gc] GC(65) Concurrent Mark Cycle
[187.022s][info][gc] GC(65) Pause Remark 5M->5M(12M) 3.742ms
[187.024s][info][gc] GC(65) Pause Cleanup 5M->5M(12M) 0.088ms
[187.025s][info][gc] GC(65) Concurrent Mark Cycle 10.941ms
[206.229s][info][gc] GC(66) Pause Young (Normal) (G1 Evacuation Pause) 7M->5M(12M) 1.168ms
[206.232s][info][gc] GC(67) Pause Young (Concurrent Start) (G1 Humongous Allocation) 5M->5M(12M) 1.230ms
[206.232s][info][gc] GC(68) Concurrent Mark Cycle
[206.241s][info][gc] GC(68) Pause Remark 6M->6M(12M) 4.088ms
[206.244s][info][gc] GC(68) Pause Cleanup 6M->6M(12M) 0.052ms
[206.244s][info][gc] GC(68) Concurrent Mark Cycle 12.346ms
[225.992s][info][gc] GC(69) Pause Young (Normal) (G1 Evacuation Pause) 8M->5M(12M) 1.782ms
[245.053s][info][gc] GC(70) Pause Young (Concurrent Start) (G1 Evacuation Pause) 7M->5M(12M) 1.345ms
[245.053s][info][gc] GC(71) Concurrent Mark Cycle
[245.071s][info][gc] GC(71) Pause Remark 5M->5M(12M) 9.168ms
[245.076s][info][gc] GC(71) Pause Cleanup 5M->5M(12M) 0.086ms
[245.076s][info][gc] GC(71) Concurrent Mark Cycle 23.320ms
[259.065s][info][gc] GC(72) Pause Young (Normal) (G1 Evacuation Pause) 7M->5M(12M) 1.515ms
[278.078s][info][gc] GC(73) Pause Young (Concurrent Start) (G1 Evacuation Pause) 7M->5M(12M) 1.595ms
[278.078s][info][gc] GC(74) Concurrent Mark Cycle
[278.093s][info][gc] GC(74) Pause Remark 5M->5M(12M) 6.122ms
[278.097s][info][gc] GC(74) Pause Cleanup 5M->5M(12M) 0.066ms
[278.097s][info][gc] GC(74) Concurrent Mark Cycle 18.762ms
